// Vitest Snapshot v1, https://vitest.dev/guide/snapshot.html

exports[`DeckBuilder > renders cards in sections 1`] = `
<div>
  <div
    class="MuiPaper-root MuiPaper-elevation MuiPaper-rounded MuiPaper-elevation1 css-fdd6fr-MuiPaper-root"
  >
    <h2
      class="MuiTypography-root MuiTypography-h4 MuiTypography-alignCenter MuiTypography-gutterBottom css-1trk376-MuiTypography-root"
    >
      Select your cards
    </h2>
    <h3
      aria-live="polite"
      class="MuiTypography-root MuiTypography-h6 MuiTypography-alignCenter MuiTypography-gutterBottom css-tcrtuv-MuiTypography-root"
      role="status"
    >
      Total: 
      0
       / 
      5
    </h3>
    <div
      class="MuiBox-root css-46az0k"
    >
      <div
        class="MuiBox-root css-0"
      >
        <h5
          class="MuiTypography-root MuiTypography-h5 MuiTypography-gutterBottom css-h93ljk-MuiTypography-root"
        >
          Crops
        </h5>
        <div
          class="MuiBox-root css-5nrxsk"
        >
          <div
            class="MuiPaper-root MuiPaper-elevation MuiPaper-rounded MuiPaper-elevation1 css-p5ews7-MuiPaper-root"
          >
            <div
              class="Card MuiBox-root css-1lnx0i2"
            >
              <div
                style="transform: none; transform-origin: 50% 50% 0;"
              >
                <div
                  aria-label=""
                  class="CardFlipWrapper MuiBox-root css-1nybwua"
                  data-mui-internal-clone-element="true"
                >
                  <div
                    class="MuiPaper-root MuiPaper-elevation MuiPaper-rounded MuiPaper-elevation1 css-tj1f4j-MuiPaper-root"
                    data-chromatic="ignore"
                  >
                    <span
                      class="MuiTypography-root MuiTypography-caption css-1ivtvsc-MuiTypography-root"
                    >
                      Pumpkin
                    </span>
                    <div
                      class="MuiBox-root css-a4w1rr"
                    >
                      <img
                        alt="Pumpkin"
                        class="css-1cs2h9x"
                        src="/src/ui/img/cards/pumpkin.png"
                      />
                    </div>
                    <hr
                      class="MuiDivider-root MuiDivider-fullWidth css-1b008ma-MuiDivider-root"
                    />
                    <div
                      class="MuiBox-root css-17uj34z"
                    />
                  </div>
                  <div
                    class="MuiPaper-root MuiPaper-elevation MuiPaper-rounded MuiPaper-elevation1 css-jzsa0k-MuiPaper-root"
                  >
                    <h2
                      class="MuiTypography-root MuiTypography-h2 css-p6gw6g-MuiTypography-root"
                    >
                      Farmhand Shuffle
                    </h2>
                  </div>
                </div>
              </div>
            </div>
            <div
              class="MuiBox-root css-axw7ok"
            >
              <span
                aria-label="Remove card"
                class=""
                data-mui-internal-clone-element="true"
              >
                <button
                  aria-label="decrease quantity"
                  class="MuiButtonBase-root MuiFab-root MuiFab-circular MuiFab-sizeSmall MuiFab-secondary Mui-disabled MuiFab-root MuiFab-circular MuiFab-sizeSmall MuiFab-secondary css-9rrh7h-MuiButtonBase-root-MuiFab-root"
                  disabled=""
                  tabindex="-1"
                  type="button"
                >
                  <svg
                    aria-hidden="true"
                    class="MuiSvgIcon-root MuiSvgIcon-fontSizeMedium css-i4bv87-MuiSvgIcon-root"
                    data-testid="RemoveIcon"
                    focusable="false"
                    viewBox="0 0 24 24"
                  >
                    <path
                      d="M19 13H5v-2h14v2z"
                    />
                  </svg>
                </button>
              </span>
              <h6
                class="MuiTypography-root MuiTypography-h6 css-esqrk7-MuiTypography-root"
              >
                0
              </h6>
              <span
                aria-label="Add card"
                class=""
                data-mui-internal-clone-element="true"
              >
                <button
                  aria-label="increase quantity"
                  class="MuiButtonBase-root MuiFab-root MuiFab-circular MuiFab-sizeSmall MuiFab-primary MuiFab-root MuiFab-circular MuiFab-sizeSmall MuiFab-primary css-qize55-MuiButtonBase-root-MuiFab-root"
                  tabindex="0"
                  type="button"
                >
                  <svg
                    aria-hidden="true"
                    class="MuiSvgIcon-root MuiSvgIcon-fontSizeMedium css-i4bv87-MuiSvgIcon-root"
                    data-testid="AddIcon"
                    focusable="false"
                    viewBox="0 0 24 24"
                  >
                    <path
                      d="M19 13h-6v6h-2v-6H5v-2h6V5h2v6h6v2z"
                    />
                  </svg>
                  <span
                    class="MuiTouchRipple-root css-8je8zh-MuiTouchRipple-root"
                  />
                </button>
              </span>
            </div>
          </div>
          <div
            class="MuiPaper-root MuiPaper-elevation MuiPaper-rounded MuiPaper-elevation1 css-p5ews7-MuiPaper-root"
          >
            <div
              class="Card MuiBox-root css-1lnx0i2"
            >
              <div
                style="transform: none; transform-origin: 50% 50% 0;"
              >
                <div
                  aria-label=""
                  class="CardFlipWrapper MuiBox-root css-1nybwua"
                  data-mui-internal-clone-element="true"
                >
                  <div
                    class="MuiPaper-root MuiPaper-elevation MuiPaper-rounded MuiPaper-elevation1 css-tj1f4j-MuiPaper-root"
                    data-chromatic="ignore"
                  >
                    <span
                      class="MuiTypography-root MuiTypography-caption css-1ivtvsc-MuiTypography-root"
                    >
                      Carrot
                    </span>
                    <div
                      class="MuiBox-root css-a4w1rr"
                    >
                      <img
                        alt="Carrot"
                        class="css-1cs2h9x"
                        src="/src/ui/img/cards/carrot.png"
                      />
                    </div>
                    <hr
                      class="MuiDivider-root MuiDivider-fullWidth css-1b008ma-MuiDivider-root"
                    />
                    <div
                      class="MuiBox-root css-17uj34z"
                    />
                  </div>
                  <div
                    class="MuiPaper-root MuiPaper-elevation MuiPaper-rounded MuiPaper-elevation1 css-jzsa0k-MuiPaper-root"
                  >
                    <h2
                      class="MuiTypography-root MuiTypography-h2 css-p6gw6g-MuiTypography-root"
                    >
                      Farmhand Shuffle
                    </h2>
                  </div>
                </div>
              </div>
            </div>
            <div
              class="MuiBox-root css-axw7ok"
            >
              <span
                aria-label="Remove card"
                class=""
                data-mui-internal-clone-element="true"
              >
                <button
                  aria-label="decrease quantity"
                  class="MuiButtonBase-root MuiFab-root MuiFab-circular MuiFab-sizeSmall MuiFab-secondary Mui-disabled MuiFab-root MuiFab-circular MuiFab-sizeSmall MuiFab-secondary css-9rrh7h-MuiButtonBase-root-MuiFab-root"
                  disabled=""
                  tabindex="-1"
                  type="button"
                >
                  <svg
                    aria-hidden="true"
                    class="MuiSvgIcon-root MuiSvgIcon-fontSizeMedium css-i4bv87-MuiSvgIcon-root"
                    data-testid="RemoveIcon"
                    focusable="false"
                    viewBox="0 0 24 24"
                  >
                    <path
                      d="M19 13H5v-2h14v2z"
                    />
                  </svg>
                </button>
              </span>
              <h6
                class="MuiTypography-root MuiTypography-h6 css-esqrk7-MuiTypography-root"
              >
                0
              </h6>
              <span
                aria-label="Add card"
                class=""
                data-mui-internal-clone-element="true"
              >
                <button
                  aria-label="increase quantity"
                  class="MuiButtonBase-root MuiFab-root MuiFab-circular MuiFab-sizeSmall MuiFab-primary MuiFab-root MuiFab-circular MuiFab-sizeSmall MuiFab-primary css-qize55-MuiButtonBase-root-MuiFab-root"
                  tabindex="0"
                  type="button"
                >
                  <svg
                    aria-hidden="true"
                    class="MuiSvgIcon-root MuiSvgIcon-fontSizeMedium css-i4bv87-MuiSvgIcon-root"
                    data-testid="AddIcon"
                    focusable="false"
                    viewBox="0 0 24 24"
                  >
                    <path
                      d="M19 13h-6v6h-2v-6H5v-2h6V5h2v6h6v2z"
                    />
                  </svg>
                  <span
                    class="MuiTouchRipple-root css-8je8zh-MuiTouchRipple-root"
                  />
                </button>
              </span>
            </div>
          </div>
        </div>
        <hr
          class="MuiDivider-root MuiDivider-fullWidth css-ctpjxq-MuiDivider-root"
        />
      </div>
      <div
        class="MuiBox-root css-0"
      >
        <h5
          class="MuiTypography-root MuiTypography-h5 MuiTypography-gutterBottom css-h93ljk-MuiTypography-root"
        >
          Water
        </h5>
        <div
          class="MuiBox-root css-5nrxsk"
        >
          <div
            class="MuiPaper-root MuiPaper-elevation MuiPaper-rounded MuiPaper-elevation1 css-p5ews7-MuiPaper-root"
          >
            <div
              class="Card MuiBox-root css-1lnx0i2"
            >
              <div
                style="transform: none; transform-origin: 50% 50% 0;"
              >
                <div
                  aria-label=""
                  class="CardFlipWrapper MuiBox-root css-1nybwua"
                  data-mui-internal-clone-element="true"
                >
                  <div
                    class="MuiPaper-root MuiPaper-elevation MuiPaper-rounded MuiPaper-elevation1 css-tj1f4j-MuiPaper-root"
                    data-chromatic="ignore"
                  >
                    <span
                      class="MuiTypography-root MuiTypography-caption css-1ivtvsc-MuiTypography-root"
                    >
                      Water
                    </span>
                    <div
                      class="MuiBox-root css-a4w1rr"
                    >
                      <img
                        alt="Water"
                        class="css-1cs2h9x"
                        src="/src/ui/img/cards/watering-can.png"
                      />
                    </div>
                    <hr
                      class="MuiDivider-root MuiDivider-fullWidth css-1b008ma-MuiDivider-root"
                    />
                    <div
                      class="MuiBox-root css-17uj34z"
                    />
                  </div>
                  <div
                    class="MuiPaper-root MuiPaper-elevation MuiPaper-rounded MuiPaper-elevation1 css-jzsa0k-MuiPaper-root"
                  >
                    <h2
                      class="MuiTypography-root MuiTypography-h2 css-p6gw6g-MuiTypography-root"
                    >
                      Farmhand Shuffle
                    </h2>
                  </div>
                </div>
              </div>
            </div>
            <div
              class="MuiBox-root css-axw7ok"
            >
              <span
                aria-label="Remove card"
                class=""
                data-mui-internal-clone-element="true"
              >
                <button
                  aria-label="decrease quantity"
                  class="MuiButtonBase-root MuiFab-root MuiFab-circular MuiFab-sizeSmall MuiFab-secondary Mui-disabled MuiFab-root MuiFab-circular MuiFab-sizeSmall MuiFab-secondary css-9rrh7h-MuiButtonBase-root-MuiFab-root"
                  disabled=""
                  tabindex="-1"
                  type="button"
                >
                  <svg
                    aria-hidden="true"
                    class="MuiSvgIcon-root MuiSvgIcon-fontSizeMedium css-i4bv87-MuiSvgIcon-root"
                    data-testid="RemoveIcon"
                    focusable="false"
                    viewBox="0 0 24 24"
                  >
                    <path
                      d="M19 13H5v-2h14v2z"
                    />
                  </svg>
                </button>
              </span>
              <h6
                class="MuiTypography-root MuiTypography-h6 css-esqrk7-MuiTypography-root"
              >
                0
              </h6>
              <span
                aria-label="Add card"
                class=""
                data-mui-internal-clone-element="true"
              >
                <button
                  aria-label="increase quantity"
                  class="MuiButtonBase-root MuiFab-root MuiFab-circular MuiFab-sizeSmall MuiFab-primary MuiFab-root MuiFab-circular MuiFab-sizeSmall MuiFab-primary css-qize55-MuiButtonBase-root-MuiFab-root"
                  tabindex="0"
                  type="button"
                >
                  <svg
                    aria-hidden="true"
                    class="MuiSvgIcon-root MuiSvgIcon-fontSizeMedium css-i4bv87-MuiSvgIcon-root"
                    data-testid="AddIcon"
                    focusable="false"
                    viewBox="0 0 24 24"
                  >
                    <path
                      d="M19 13h-6v6h-2v-6H5v-2h6V5h2v6h6v2z"
                    />
                  </svg>
                  <span
                    class="MuiTouchRipple-root css-8je8zh-MuiTouchRipple-root"
                  />
                </button>
              </span>
            </div>
          </div>
        </div>
        <hr
          class="MuiDivider-root MuiDivider-fullWidth css-ctpjxq-MuiDivider-root"
        />
      </div>
      <div
        class="MuiBox-root css-0"
      >
        <h5
          class="MuiTypography-root MuiTypography-h5 MuiTypography-gutterBottom css-h93ljk-MuiTypography-root"
        >
          Tools
        </h5>
        <div
          class="MuiBox-root css-5nrxsk"
        >
          <div
            class="MuiPaper-root MuiPaper-elevation MuiPaper-rounded MuiPaper-elevation1 css-p5ews7-MuiPaper-root"
          >
            <div
              class="Card MuiBox-root css-1lnx0i2"
            >
              <div
                style="transform: none; transform-origin: 50% 50% 0;"
              >
                <div
                  aria-label=""
                  class="CardFlipWrapper MuiBox-root css-1nybwua"
                  data-mui-internal-clone-element="true"
                >
                  <div
                    class="MuiPaper-root MuiPaper-elevation MuiPaper-rounded MuiPaper-elevation1 css-tj1f4j-MuiPaper-root"
                    data-chromatic="ignore"
                  >
                    <span
                      class="MuiTypography-root MuiTypography-caption css-1ivtvsc-MuiTypography-root"
                    >
                      Shovel
                    </span>
                    <div
                      class="MuiBox-root css-a4w1rr"
                    >
                      <img
                        alt="Shovel"
                        class="css-1cs2h9x"
                        src="/src/ui/img/cards/shovel.png"
                      />
                    </div>
                    <hr
                      class="MuiDivider-root MuiDivider-fullWidth css-1b008ma-MuiDivider-root"
                    />
                    <div
                      class="MuiBox-root css-17uj34z"
                    />
                  </div>
                  <div
                    class="MuiPaper-root MuiPaper-elevation MuiPaper-rounded MuiPaper-elevation1 css-jzsa0k-MuiPaper-root"
                  >
                    <h2
                      class="MuiTypography-root MuiTypography-h2 css-p6gw6g-MuiTypography-root"
                    >
                      Farmhand Shuffle
                    </h2>
                  </div>
                </div>
              </div>
            </div>
            <div
              class="MuiBox-root css-axw7ok"
            >
              <span
                aria-label="Remove card"
                class=""
                data-mui-internal-clone-element="true"
              >
                <button
                  aria-label="decrease quantity"
                  class="MuiButtonBase-root MuiFab-root MuiFab-circular MuiFab-sizeSmall MuiFab-secondary Mui-disabled MuiFab-root MuiFab-circular MuiFab-sizeSmall MuiFab-secondary css-9rrh7h-MuiButtonBase-root-MuiFab-root"
                  disabled=""
                  tabindex="-1"
                  type="button"
                >
                  <svg
                    aria-hidden="true"
                    class="MuiSvgIcon-root MuiSvgIcon-fontSizeMedium css-i4bv87-MuiSvgIcon-root"
                    data-testid="RemoveIcon"
                    focusable="false"
                    viewBox="0 0 24 24"
                  >
                    <path
                      d="M19 13H5v-2h14v2z"
                    />
                  </svg>
                </button>
              </span>
              <h6
                class="MuiTypography-root MuiTypography-h6 css-esqrk7-MuiTypography-root"
              >
                0
              </h6>
              <span
                aria-label="Add card"
                class=""
                data-mui-internal-clone-element="true"
              >
                <button
                  aria-label="increase quantity"
                  class="MuiButtonBase-root MuiFab-root MuiFab-circular MuiFab-sizeSmall MuiFab-primary MuiFab-root MuiFab-circular MuiFab-sizeSmall MuiFab-primary css-qize55-MuiButtonBase-root-MuiFab-root"
                  tabindex="0"
                  type="button"
                >
                  <svg
                    aria-hidden="true"
                    class="MuiSvgIcon-root MuiSvgIcon-fontSizeMedium css-i4bv87-MuiSvgIcon-root"
                    data-testid="AddIcon"
                    focusable="false"
                    viewBox="0 0 24 24"
                  >
                    <path
                      d="M19 13h-6v6h-2v-6H5v-2h6V5h2v6h6v2z"
                    />
                  </svg>
                  <span
                    class="MuiTouchRipple-root css-8je8zh-MuiTouchRipple-root"
                  />
                </button>
              </span>
            </div>
          </div>
        </div>
        <hr
          class="MuiDivider-root MuiDivider-fullWidth css-ctpjxq-MuiDivider-root"
        />
      </div>
      <div
        class="MuiBox-root css-0"
      >
        <h5
          class="MuiTypography-root MuiTypography-h5 MuiTypography-gutterBottom css-h93ljk-MuiTypography-root"
        >
          Events
        </h5>
        <div
          class="MuiBox-root css-5nrxsk"
        >
          <div
            class="MuiPaper-root MuiPaper-elevation MuiPaper-rounded MuiPaper-elevation1 css-p5ews7-MuiPaper-root"
          >
            <div
              class="Card MuiBox-root css-1lnx0i2"
            >
              <div
                style="transform: none; transform-origin: 50% 50% 0;"
              >
                <div
                  aria-label=""
                  class="CardFlipWrapper MuiBox-root css-1nybwua"
                  data-mui-internal-clone-element="true"
                >
                  <div
                    class="MuiPaper-root MuiPaper-elevation MuiPaper-rounded MuiPaper-elevation1 css-tj1f4j-MuiPaper-root"
                    data-chromatic="ignore"
                  >
                    <span
                      class="MuiTypography-root MuiTypography-caption css-1ivtvsc-MuiTypography-root"
                    >
                      Rain
                    </span>
                    <div
                      class="MuiBox-root css-a4w1rr"
                    >
                      <img
                        alt="Rain"
                        class="css-1cs2h9x"
                        src="/src/ui/img/cards/raincloud.png"
                      />
                    </div>
                    <hr
                      class="MuiDivider-root MuiDivider-fullWidth css-1b008ma-MuiDivider-root"
                    />
                    <div
                      class="MuiBox-root css-17uj34z"
                    />
                  </div>
                  <div
                    class="MuiPaper-root MuiPaper-elevation MuiPaper-rounded MuiPaper-elevation1 css-jzsa0k-MuiPaper-root"
                  >
                    <h2
                      class="MuiTypography-root MuiTypography-h2 css-p6gw6g-MuiTypography-root"
                    >
                      Farmhand Shuffle
                    </h2>
                  </div>
                </div>
              </div>
            </div>
            <div
              class="MuiBox-root css-axw7ok"
            >
              <span
                aria-label="Remove card"
                class=""
                data-mui-internal-clone-element="true"
              >
                <button
                  aria-label="decrease quantity"
                  class="MuiButtonBase-root MuiFab-root MuiFab-circular MuiFab-sizeSmall MuiFab-secondary Mui-disabled MuiFab-root MuiFab-circular MuiFab-sizeSmall MuiFab-secondary css-9rrh7h-MuiButtonBase-root-MuiFab-root"
                  disabled=""
                  tabindex="-1"
                  type="button"
                >
                  <svg
                    aria-hidden="true"
                    class="MuiSvgIcon-root MuiSvgIcon-fontSizeMedium css-i4bv87-MuiSvgIcon-root"
                    data-testid="RemoveIcon"
                    focusable="false"
                    viewBox="0 0 24 24"
                  >
                    <path
                      d="M19 13H5v-2h14v2z"
                    />
                  </svg>
                </button>
              </span>
              <h6
                class="MuiTypography-root MuiTypography-h6 css-esqrk7-MuiTypography-root"
              >
                0
              </h6>
              <span
                aria-label="Add card"
                class=""
                data-mui-internal-clone-element="true"
              >
                <button
                  aria-label="increase quantity"
                  class="MuiButtonBase-root MuiFab-root MuiFab-circular MuiFab-sizeSmall MuiFab-primary MuiFab-root MuiFab-circular MuiFab-sizeSmall MuiFab-primary css-qize55-MuiButtonBase-root-MuiFab-root"
                  tabindex="0"
                  type="button"
                >
                  <svg
                    aria-hidden="true"
                    class="MuiSvgIcon-root MuiSvgIcon-fontSizeMedium css-i4bv87-MuiSvgIcon-root"
                    data-testid="AddIcon"
                    focusable="false"
                    viewBox="0 0 24 24"
                  >
                    <path
                      d="M19 13h-6v6h-2v-6H5v-2h6V5h2v6h6v2z"
                    />
                  </svg>
                  <span
                    class="MuiTouchRipple-root css-8je8zh-MuiTouchRipple-root"
                  />
                </button>
              </span>
            </div>
          </div>
        </div>
      </div>
    </div>
    <div
      class="MuiBox-root css-1bvc4cc"
    >
      <button
        class="MuiButtonBase-root MuiButton-root MuiButton-contained MuiButton-containedPrimary MuiButton-sizeLarge MuiButton-containedSizeLarge Mui-disabled MuiButton-root MuiButton-contained MuiButton-containedPrimary MuiButton-sizeLarge MuiButton-containedSizeLarge css-jh47zj-MuiButtonBase-root-MuiButton-root"
        disabled=""
        tabindex="-1"
        type="button"
      >
        Done
      </button>
    </div>
  </div>
</div>
`;
