// Vitest Snapshot v1, https://vitest.dev/guide/snapshot.html

exports[`Field > clicking a card selects it 2`] = `""`;

exports[`Field > renders crop cards for opponent upside-down 1`] = `"rotate(180deg)"`;

exports[`Field > renders crop cards for opponent upside-down 2`] = `"rotate(180deg)"`;

exports[`Field > renders crop cards for self 1`] = `""`;

exports[`Field > renders crop cards for self 2`] = `""`;
